[    0.000000] Linux version 4.15.0-65-generic (buildd@lgw01-amd64-006) (gcc version 7.4.0 (Ubuntu 7.4.0-1ubuntu1~18.04.1)) #74-Ubuntu SMP Tue Sep 17 17:06:04 UTC 2019 (Ubuntu 4.15.0-65.74-generic 4.15.18)
[    0.000000] Command line: BOOT_IMAGE=/boot/vmlinuz-4.15.0-65-generic root=UUID=fc432cd9-3eff-4f0f-956a-9c088d130e57 ro console=tty1 console=ttyS0
[    0.000000] KERNEL supported cpus:
[    0.000000]   Intel GenuineIntel
[    0.000000]   AMD AuthenticAMD
[    0.000000]   Centaur CentaurHauls
[    0.000000] x86/fpu: Supporting XSAVE feature 0x001: 'x87 floating point registers'
[    0.000000] x86/fpu: Supporting XSAVE feature 0x002: 'SSE registers'
[    0.000000] x86/fpu: Supporting XSAVE feature 0x004: 'AVX registers'
[    0.000000] x86/fpu: xstate_offset[2]:  576, xstate_sizes[2]:  256
[    0.000000] x86/fpu: Enabled xstate features 0x7, context size is 832 bytes, using 'standard' format.
[    0.000000] e820: BIOS-provided physical RAM map:
[    0.000000] BIOS-e820: [mem 0x0000000000000000-0x000000000009fbff] usable
[    0.000000] BIOS-e820: [mem 0x000000000009fc00-0x000000000009ffff] reserved
[    0.000000] BIOS-e820: [mem 0x00000000000f0000-0x00000000000fffff] reserved
[    0.000000] BIOS-e820: [mem 0x0000000000100000-0x000000003ffeffff] usable
[    0.000000] BIOS-e820: [mem 0x000000003fff0000-0x000000003fffffff] ACPI data
[    0.000000] BIOS-e820: [mem 0x00000000fec00000-0x00000000fec00fff] reserved
[    0.000000] BIOS-e820: [mem 0x00000000fee00000-0x00000000fee00fff] reserved
[    0.000000] BIOS-e820: [mem 0x00000000fffc0000-0x00000000ffffffff] reserved
[    0.000000] NX (Execute Disable) protection: active
[    0.000000] SMBIOS 2.5 present.
[    0.000000] DMI: innotek GmbH VirtualBox/VirtualBox, BIOS VirtualBox 12/01/2006
[    0.000000] Hypervisor detected: KVM
[    0.000000] e820: last_pfn = 0x3fff0 max_arch_pfn = 0x400000000
[    0.000000] MTRR: Disabled
[    0.000000] x86/PAT: MTRRs disabled, skipping PAT initialization too.
[    0.000000] CPU MTRRs all blank - virtualized system.
[    0.000000] x86/PAT: Configuration [0-7]: WB  WT  UC- UC  WB  WT  UC- UC  
[    0.000000] found SMP MP-table at [mem 0x0009fff0-0x0009ffff]
[    0.000000] Scanning 1 areas for low memory corruption
[    0.000000] RAMDISK: [mem 0x35975000-0x36cb1fff]
[    0.000000] ACPI: Early table checksum verification disabled
[    0.000000] ACPI: RSDP 0x00000000000E0000 000024 (v02 VBOX  )
[    0.000000] ACPI: XSDT 0x000000003FFF0030 00003C (v01 VBOX   VBOXXSDT 00000001 ASL  00000061)
[    0.000000] ACPI: FACP 0x000000003FFF00F0 0000F4 (v04 VBOX   VBOXFACP 00000001 ASL  00000061)
[    0.000000] ACPI: DSDT 0x000000003FFF0470 0022EA (v02 VBOX   VBOXBIOS 00000002 INTL 20100528)
[    0.000000] ACPI: FACS 0x000000003FFF0200 000040
[    0.000000] ACPI: FACS 0x000000003FFF0200 000040
[    0.000000] ACPI: APIC 0x000000003FFF0240 00005C (v02 VBOX   VBOXAPIC 00000001 ASL  00000061)
[    0.000000] ACPI: SSDT 0x000000003FFF02A0 0001CC (v01 VBOX   VBOXCPUT 00000002 INTL 20100528)
[    0.000000] No NUMA configuration found
[    0.000000] Faking a node at [mem 0x0000000000000000-0x000000003ffeffff]
[    0.000000] NODE_DATA(0) allocated [mem 0x3ffc5000-0x3ffeffff]
[    0.000000] kvm-clock: cpu 0, msr 0:3ff44001, primary cpu clock
[    0.000000] kvm-clock: Using msrs 4b564d01 and 4b564d00
[    0.000000] kvm-clock: using sched offset of 3527297931 cycles
[    0.000000] clocksource: kvm-clock: mask: 0xffffffffffffffff max_cycles: 0x1cd42e4dffb, max_idle_ns: 881590591483 ns
[    0.000000] Zone ranges:
[    0.000000]   DMA      [mem 0x0000000000001000-0x0000000000ffffff]
[    0.000000]   DMA32    [mem 0x0000000001000000-0x000000003ffeffff]
[    0.000000]   Normal   empty
[    0.000000]   Device   empty
[    0.000000] Movable zone start for each node
[    0.000000] Early memory node ranges
[    0.000000]   node   0: [mem 0x0000000000001000-0x000000000009efff]
[    0.000000]   node   0: [mem 0x0000000000100000-0x000000003ffeffff]
[    0.000000] Reserved but unavailable: 98 pages
[    0.000000] Initmem setup node 0 [mem 0x0000000000001000-0x000000003ffeffff]
[    0.000000] ACPI: PM-Timer IO Port: 0x4008
[    0.000000] IOAPIC[0]: apic_id 2, version 32, address 0xfec00000, GSI 0-23
[    0.000000] ACPI: INT_SRC_OVR (bus 0 bus_irq 0 global_irq 2 dfl dfl)
[    0.000000] ACPI: INT_SRC_OVR (bus 0 bus_irq 9 global_irq 9 low level)
[    0.000000] Using ACPI (MADT) for SMP configuration information
[    0.000000] smpboot: Allowing 2 CPUs, 0 hotplug CPUs
[    0.000000] PM: Registered nosave memory: [mem 0x00000000-0x00000fff]
[    0.000000] PM: Registered nosave memory: [mem 0x0009f000-0x0009ffff]
[    0.000000] PM: Registered nosave memory: [mem 0x000a0000-0x000effff]
[    0.000000] PM: Registered nosave memory: [mem 0x000f0000-0x000fffff]
[    0.000000] e820: [mem 0x40000000-0xfebfffff] available for PCI devices
[    0.000000] Booting paravirtualized kernel on KVM
[    0.000000] clocksource: refined-jiffies: mask: 0xffffffff max_cycles: 0xffffffff, max_idle_ns: 7645519600211568 ns
[    0.000000] random: get_random_bytes called from start_kernel+0x99/0x4fd with crng_init=0
[    0.000000] setup_percpu: NR_CPUS:8192 nr_cpumask_bits:2 nr_cpu_ids:2 nr_node_ids:1
[    0.000000] percpu: Embedded 46 pages/cpu s151552 r8192 d28672 u1048576
[    0.000000] PV qspinlock hash table entries: 256 (order: 0, 4096 bytes)
[    0.000000] Built 1 zonelists, mobility grouping on.  Total pages: 257913
[    0.000000] Policy zone: DMA32
[    0.000000] Kernel command line: BOOT_IMAGE=/boot/vmlinuz-4.15.0-65-generic root=UUID=fc432cd9-3eff-4f0f-956a-9c088d130e57 ro console=tty1 console=ttyS0
[    0.000000] Memory: 982880K/1048120K available (12300K kernel code, 2481K rwdata, 4256K rodata, 2436K init, 2388K bss, 65240K reserved, 0K cma-reserved)
[    0.000000] SLUB: HWalign=64, Order=0-3, MinObjects=0, CPUs=2, Nodes=1
[    0.000000] Kernel/User page tables isolation: enabled
[    0.000000] ftrace: allocating 39301 entries in 154 pages
[    0.004000] Hierarchical RCU implementation.
[    0.004000] 	RCU restricting CPUs from NR_CPUS=8192 to nr_cpu_ids=2.
[    0.004000] 	Tasks RCU enabled.
[    0.004000] RCU: Adjusting geometry for rcu_fanout_leaf=16, nr_cpu_ids=2
[    0.004000] NR_IRQS: 524544, nr_irqs: 440, preallocated irqs: 16
[    0.004000] Console: colour VGA+ 80x25
[    0.004000] console [tty1] enabled
[    0.004000] console [ttyS0] enabled
[    0.004000] ACPI: Core revision 20170831
[    0.004000] ACPI: 2 ACPI AML tables successfully acquired and loaded
[    0.004000] APIC: Switch to symmetric I/O mode setup
[    0.004000] x2apic enabled
[    0.004000] Switched APIC routing to physical x2apic.
[    0.004000] ..TIMER: vector=0x30 apic1=0 pin1=2 apic2=-1 pin2=-1
[    0.004000] tsc: Detected 2303.998 MHz processor
[    0.004009] Calibrating delay loop (skipped) preset value.. 4607.99 BogoMIPS (lpj=9215992)
[    0.005264] pid_max: default: 32768 minimum: 301
[    0.005977] Security Framework initialized
[    0.008002] Yama: becoming mindful.
[    0.008618] AppArmor: AppArmor initialized
[    0.010449] Dentry cache hash table entries: 131072 (order: 8, 1048576 bytes)
[    0.011553] Inode-cache hash table entries: 65536 (order: 7, 524288 bytes)
[    0.012013] Mount-cache hash table entries: 2048 (order: 2, 16384 bytes)
[    0.013028] Mountpoint-cache hash table entries: 2048 (order: 2, 16384 bytes)
[    0.014255] Last level iTLB entries: 4KB 64, 2MB 8, 4MB 8
[    0.015035] Last level dTLB entries: 4KB 64, 2MB 0, 4MB 0, 1GB 4
[    0.016002] Spectre V1 : Mitigation: usercopy/swapgs barriers and __user pointer sanitization
[    0.017225] Spectre V2 : Mitigation: Full generic retpoline
[    0.018021] Spectre V2 : Spectre v2 / SpectreRSB mitigation: Filling RSB on context switch
[    0.019201] Speculative Store Bypass: Vulnerable
[    0.020037] MDS: Mitigation: Clear CPU buffers
[    0.020836] Freeing SMP alternatives memory: 36K
[    0.131639] smpboot: CPU0: Intel(R) Core(TM) i5-8259U CPU @ 2.30GHz (family: 0x6, model: 0x8e, stepping: 0xa)
[    0.132000] Performance Events: unsupported p6 CPU model 142 no PMU driver, software events only.
[    0.132000] Hierarchical SRCU implementation.
[    0.132512] NMI watchdog: Perf event create on CPU 0 failed with -2
[    0.133500] NMI watchdog: Perf NMI watchdog permanently disabled
[    0.134397] smp: Bringing up secondary CPUs ...
[    0.135133] x86: Booting SMP configuration:
[    0.136002] .... node  #0, CPUs:      #1
[    0.004000] kvm-clock: cpu 1, msr 0:3ff44041, secondary cpu clock
[    0.140021] smp: Brought up 1 node, 2 CPUs
[    0.140702] smpboot: Max logical packages: 1
[    0.141336] smpboot: Total of 2 processors activated (9215.99 BogoMIPS)
[    0.142387] devtmpfs: initialized
[    0.142387] x86/mm: Memory block size: 128MB
[    0.144119] evm: security.selinux
[    0.144679] evm: security.SMACK64
[    0.145230] evm: security.SMACK64EXEC
[    0.145829] evm: security.SMACK64TRANSMUTE
[    0.146608] evm: security.SMACK64MMAP
[    0.147378] evm: security.apparmor
[    0.148004] evm: security.ima
[    0.148641] evm: security.capability
[    0.149394] clocksource: jiffies: mask: 0xffffffff max_cycles: 0xffffffff, max_idle_ns: 7645041785100000 ns
[    0.150138] futex hash table entries: 512 (order: 3, 32768 bytes)
[    0.153162] pinctrl core: initialized pinctrl subsystem
[    0.154083] RTC time:  1:15:21, date: 01/14/20
[    0.156133] NET: Registered protocol family 16
[    0.156936] audit: initializing netlink subsys (disabled)
[    0.157811] audit: type=2000 audit(1578964526.818:1): state=initialized audit_enabled=0 res=1
[    0.157811] cpuidle: using governor ladder
[    0.160008] cpuidle: using governor menu
[    0.160684] ACPI: bus type PCI registered
[    0.161358] acpiphp: ACPI Hot Plug PCI Controller Driver version: 0.5
[    0.162524] PCI: Using configuration type 1 for base access
[    0.164814] HugeTLB registered 2.00 MiB page size, pre-allocated 0 pages
[    0.165124] ACPI: Added _OSI(Module Device)
[    0.165124] ACPI: Added _OSI(Processor Device)
[    0.168009] ACPI: Added _OSI(3.0 _SCP Extensions)
[    0.168756] ACPI: Added _OSI(Processor Aggregator Device)
[    0.169619] ACPI: Added _OSI(Linux-Dell-Video)
[    0.170336] ACPI: Added _OSI(Linux-Lenovo-NV-HDMI-Audio)
[    0.171166] ACPI: Added _OSI(Linux-HPI-Hybrid-Graphics)
[    0.172288] ACPI: Executed 1 blocks of module-level executable AML code
[    0.176609] ACPI: Interpreter enabled
[    0.177254] ACPI: (supports S0 S5)
[    0.177795] ACPI: Using IOAPIC for interrupt routing
[    0.178773] PCI: Using host bridge windows from ACPI; if necessary, use "pci=nocrs" and report a bug
[    0.180158] ACPI: Enabled 2 GPEs in block 00 to 07
[    0.187411] ACPI: PCI Root Bridge [PCI0] (domain 0000 [bus 00-ff])
[    0.188028] acpi PNP0A03:00: _OSC: OS supports [ASPM ClockPM Segments MSI]
[    0.192403] acpi PNP0A03:00: _OSC: not requesting OS control; OS requires [ExtendedConfig ASPM ClockPM MSI]
[    0.196013] acpi PNP0A03:00: fail to add MMCONFIG information, can't access extended PCI configuration space under this bridge.
[    0.200191] PCI host bridge to bus 0000:00
[    0.200895] pci_bus 0000:00: root bus resource [io  0x0000-0x0cf7 window]
[    0.201847] pci_bus 0000:00: root bus resource [io  0x0d00-0xffff window]
[    0.202801] pci_bus 0000:00: root bus resource [mem 0x000a0000-0x000bffff window]
[    0.203883] pci_bus 0000:00: root bus resource [mem 0x40000000-0xfdffffff window]
[    0.204002] pci_bus 0000:00: root bus resource [bus 00-ff]
[    0.208088] pci 0000:00:01.1: legacy IDE quirk: reg 0x10: [io  0x01f0-0x01f7]
[    0.209192] pci 0000:00:01.1: legacy IDE quirk: reg 0x14: [io  0x03f6]
[    0.210359] pci 0000:00:01.1: legacy IDE quirk: reg 0x18: [io  0x0170-0x0177]
[    0.211466] pci 0000:00:01.1: legacy IDE quirk: reg 0x1c: [io  0x0376]
[    0.225379] pci 0000:00:07.0: quirk: [io  0x4000-0x403f] claimed by PIIX4 ACPI
[    0.226801] pci 0000:00:07.0: quirk: [io  0x4100-0x410f] claimed by PIIX4 SMB
[    0.234175] ACPI: PCI Interrupt Link [LNKA] (IRQs 5 9 10 *11)
[    0.235327] ACPI: PCI Interrupt Link [LNKB] (IRQs 5 9 *10 11)
[    0.236112] ACPI: PCI Interrupt Link [LNKC] (IRQs 5 *9 10 11)
[    0.237299] ACPI: PCI Interrupt Link [LNKD] (IRQs 5 9 10 *11)
[    0.238549] SCSI subsystem initialized
[    0.239179] pci 0000:00:02.0: vgaarb: setting as boot VGA device
[    0.239179] pci 0000:00:02.0: vgaarb: VGA device added: decodes=io+mem,owns=io+mem,locks=none
[    0.240011] pci 0000:00:02.0: vgaarb: bridge control possible
[    0.240856] vgaarb: loaded
[    0.241323] ACPI: bus type USB registered
[    0.241986] usbcore: registered new interface driver usbfs
[    0.244016] usbcore: registered new interface driver hub
[    0.244836] usbcore: registered new device driver usb
[    0.245638] EDAC MC: Ver: 3.0.0
[    0.245638] PCI: Using ACPI for IRQ routing
[    0.248247] NetLabel: Initializing
[    0.248787] NetLabel:  domain hash size = 128
[    0.249445] NetLabel:  protocols = UNLABELED CIPSOv4 CALIPSO
[    0.250304] NetLabel:  unlabeled traffic allowed by default
[    0.251141] clocksource: Switched to clocksource kvm-clock
[    0.259736] VFS: Disk quotas dquot_6.6.0
[    0.260713] VFS: Dquot-cache hash table entries: 512 (order 0, 4096 bytes)
[    0.261815] AppArmor: AppArmor Filesystem Enabled
[    0.262809] pnp: PnP ACPI init
[    0.264473] pnp: PnP ACPI: found 3 devices
[    0.274773] clocksource: acpi_pm: mask: 0xffffff max_cycles: 0xffffff, max_idle_ns: 2085701024 ns
[    0.276753] NET: Registered protocol family 2
[    0.277645] TCP established hash table entries: 8192 (order: 4, 65536 bytes)
[    0.278775] TCP bind hash table entries: 8192 (order: 5, 131072 bytes)
[    0.280697] TCP: Hash tables configured (established 8192 bind 8192)
[    0.282210] UDP hash table entries: 512 (order: 2, 16384 bytes)
[    0.283156] UDP-Lite hash table entries: 512 (order: 2, 16384 bytes)
[    0.284178] NET: Registered protocol family 1
[    0.285146] pci 0000:00:00.0: Limiting direct PCI/PCI transfers
[    0.286114] pci 0000:00:01.0: Activating ISA DMA hang workarounds
[    0.287234] pci 0000:00:02.0: Video device with shadowed ROM at [mem 0x000c0000-0x000dffff]
[    0.288758] Unpacking initramfs...
[    0.542410] Freeing initrd memory: 19700K
[    0.543442] clocksource: tsc: mask: 0xffffffffffffffff max_cycles: 0x2135f5e6f15, max_idle_ns: 440795231538 ns
[    0.545716] platform rtc_cmos: registered platform RTC device (no PNP device found)
[    0.546855] Scanning for low memory corruption every 60 seconds
[    0.548370] Initialise system trusted keyrings
[    0.549043] Key type blacklist registered
[    0.549693] workingset: timestamp_bits=36 max_order=18 bucket_order=0
[    0.551309] zbud: loaded
[    0.552122] squashfs: version 4.0 (2009/01/31) Phillip Lougher
[    0.553131] fuse init (API version 7.26)
[    0.555728] Key type asymmetric registered
[    0.556563] Asymmetric key parser 'x509' registered
[    0.557349] Block layer SCSI generic (bsg) driver version 0.4 loaded (major 246)
[    0.558491] io scheduler noop registered
[    0.559094] io scheduler deadline registered
[    0.559756] io scheduler cfq registered (default)
[    0.561099] ACPI: AC Adapter [AC] (off-line)
[    0.561876] input: Power Button as /devices/LNXSYSTM:00/LNXPWRBN:00/input/input0
[    0.563219] ACPI: Power Button [PWRF]
[    0.563912] input: Sleep Button as /devices/LNXSYSTM:00/LNXSLPBN:00/input/input1
[    0.565136] ACPI: Sleep Button [SLPF]
[    0.566519] virtio-pci 0000:00:03.0: virtio_pci: leaving for legacy driver
[    0.569270] virtio-pci 0000:00:08.0: virtio_pci: leaving for legacy driver
[    0.569718] ACPI: Battery Slot [BAT0] (battery present)
[    0.571187] Serial: 8250/16550 driver, 32 ports, IRQ sharing enabled
[    0.592932] 00:02: ttyS0 at I/O 0x3f8 (irq = 4, base_baud = 115200) is a 16550A
[    0.598687] Linux agpgart interface v0.103
[    0.602402] loop: module loaded
[    0.603446] scsi host0: ata_piix
[    0.604225] scsi host1: ata_piix
[    0.604894] ata1: PATA max UDMA/33 cmd 0x1f0 ctl 0x3f6 bmdma 0xd000 irq 14
[    0.606207] ata2: PATA max UDMA/33 cmd 0x170 ctl 0x376 bmdma 0xd008 irq 15
[    0.607607] libphy: Fixed MDIO Bus: probed
[    0.608347] tun: Universal TUN/TAP device driver, 1.6
[    0.609147] PPP generic driver version 2.4.2
[    0.609857] ehci_hcd: USB 2.0 'Enhanced' Host Controller (EHCI) Driver
[    0.610784] ehci-pci: EHCI PCI platform driver
[    0.611449] ehci-platform: EHCI generic platform driver
[    0.612285] ohci_hcd: USB 1.1 'Open' Host Controller (OHCI) Driver
[    0.613336] ohci-pci: OHCI PCI platform driver
[    0.614092] ohci-platform: OHCI generic platform driver
[    0.615127] uhci_hcd: USB Universal Host Controller Interface driver
[    0.616200] i8042: PNP: PS/2 Controller [PNP0303:PS2K,PNP0f03:PS2M] at 0x60,0x64 irq 1,12
[    0.618051] serio: i8042 KBD port at 0x60,0x64 irq 1
[    0.618795] serio: i8042 AUX port at 0x60,0x64 irq 12
[    0.619721] mousedev: PS/2 mouse device common for all mice
[    0.621093] input: AT Translated Set 2 keyboard as /devices/platform/i8042/serio0/input/input2
[    0.622522] rtc_cmos rtc_cmos: rtc core: registered rtc_cmos as rtc0
[    0.623466] rtc_cmos rtc_cmos: alarms up to one day, 114 bytes nvram
[    0.624461] i2c /dev entries driver
[    0.625035] device-mapper: uevent: version 1.0.3
[    0.625784] device-mapper: ioctl: 4.37.0-ioctl (2017-09-20) initialised: dm-devel@redhat.com
[    0.627032] ledtrig-cpu: registered to indicate activity on CPUs
[    0.628287] NET: Registered protocol family 10
[    0.631786] Segment Routing with IPv6
[    0.632452] NET: Registered protocol family 17
[    0.633160] Key type dns_resolver registered
[    0.633935] mce: Using 0 MCE banks
[    0.634470] RAS: Correctable Errors collector initialized.
[    0.635277] sched_clock: Marking stable (633914303, 0)->(765446055, -131531752)
[    0.636828] registered taskstats version 1
[    0.637447] Loading compiled-in X.509 certificates
[    0.640152] Loaded X.509 cert 'Build time autogenerated kernel key: 3a65b6a3c8b5d6b297d77c25be9161529933bc49'
[    0.641568] zswap: loaded using pool lzo/zbud
[    0.644753] Key type big_key registered
[    0.645330] Key type trusted registered
[    0.647127] Key type encrypted registered
[    0.647723] AppArmor: AppArmor sha1 policy hashing enabled
[    0.648567] ima: No TPM chip found, activating TPM-bypass! (rc=-19)
[    0.649459] ima: Allocated hash algorithm: sha1
[    0.650132] evm: HMAC attrs: 0x1
[    0.650822]   Magic number: 4:841:255
[    0.651463] rtc_cmos rtc_cmos: setting system clock to 2020-01-14 01:15:22 UTC (1578964522)
[    0.652991] BIOS EDD facility v0.16 2004-Jun-25, 0 devices found
[    0.653849] EDD information not available.
[    0.766108] Freeing unused kernel image memory: 2436K
[    0.792316] Write protecting the kernel read-only data: 20480k
[    0.794114] Freeing unused kernel image memory: 2008K
[    0.795505] Freeing unused kernel image memory: 1888K
[    0.803736] x86/mm: Checked W+X mappings: passed, no W+X pages found.
[    0.804974] x86/mm: Checking user space page tables
[    0.812700] x86/mm: Checked W+X mappings: passed, no W+X pages found.
Loading, please wait...
starting version 237
[    0.876735] Fusion MPT base driver 3.04.20
[    0.877981] Copyright (c) 1999-2008 LSI Corporation
[    0.901647] vboxvideo: loading out-of-tree module taints kernel.
[    0.903169] vboxvideo: module verification failed: signature and/or required key missing - tainting kernel
[    0.903226] AVX2 version of gcm_enc/dec engaged.
[    0.905602] AES CTR mode by8 optimization enabled
[    0.906806] Fusion MPT SPI Host driver 3.04.20
[    0.907388] [drm] VRAM 01000000
[    0.908385] [TTM] Zone  kernel: Available graphics memory: 504474 kiB
[    0.909556] [TTM] Initializing pool allocator
[    0.911660] [TTM] Initializing DMA pool allocator
[    0.916332] fbcon: vboxdrmfb (fb0) is primary device
[    0.919289] virtio_net virtio1 enp0s8: renamed from eth1
[    0.920306] Console: switching to colour frame buffer device 100x37
[    0.923737] vboxvideo 0000:00:02.0: fb0: vboxdrmfb frame buffer device
[    0.932644] virtio_net virtio0 enp0s3: renamed from eth0
[    0.936192] [drm] Initialized vboxvideo 1.0.0 20130823 for 0000:00:02.0 on minor 0
[    0.939210] mptbase: ioc0: Initiating bringup
[    1.072672] ioc0: LSI53C1030 A0: Capabilities={Initiator}
[    1.099012] input: ImExPS/2 Generic Explorer Mouse as /devices/platform/i8042/serio1/input/input4
[    1.548182] scsi host2: ioc0: LSI53C1030 A0, FwRev=00000000h, Ports=1, MaxQ=256, IRQ=20
[    1.773239] scsi 2:0:0:0: Direct-Access     VBOX     HARDDISK         1.0  PQ: 0 ANSI: 5
[    1.800382] scsi target2:0:0: Beginning Domain Validation
[    1.803680] scsi target2:0:0: Domain Validation skipping write tests
[    1.805109] scsi target2:0:0: Ending Domain Validation
[    1.806319] scsi target2:0:0: asynchronous
[    1.807605] scsi 2:0:1:0: Direct-Access     VBOX     HARDDISK         1.0  PQ: 0 ANSI: 5
[    1.840030] scsi target2:0:1: Beginning Domain Validation
[    1.841669] scsi target2:0:1: Domain Validation skipping write tests
[    1.842651] scsi target2:0:1: Ending Domain Validation
[    1.843494] scsi target2:0:1: asynchronous
[    1.847611] sd 2:0:0:0: [sda] 20971520 512-byte logical blocks: (10.7 GB/10.0 GiB)
[    1.849093] sd 2:0:0:0: [sda] Write Protect is off
[    1.849945] sd 2:0:0:0: Attached scsi generic sg0 type 0
[    1.851036] sd 2:0:0:0: [sda] Incomplete mode parameter data
[    1.852060] sd 2:0:0:0: [sda] Assuming drive cache: write through
[    1.853631] random: fast init done
[    1.854314] random: systemd-udevd: uninitialized urandom read (16 bytes read)
[    1.855429] random: systemd-udevd: uninitialized urandom read (16 bytes read)
[    1.856655] sd 2:0:1:0: Attached scsi generic sg1 type 0
[    1.856675] random: systemd-udevd: uninitialized urandom read (16 bytes read)
[    1.859240] sd 2:0:1:0: [sdb] 20480 512-byte logical blocks: (10.5 MB/10.0 MiB)
[    1.861064]  sda: sda1
[    1.861760] sd 2:0:1:0: [sdb] Write Protect is off
[    1.862963] sd 2:0:1:0: [sdb] Incomplete mode parameter data
[    1.864004] sd 2:0:1:0: [sdb] Assuming drive cache: write through
[    1.865961] sd 2:0:0:0: [sda] Attached SCSI disk
[    1.869025] sd 2:0:1:0: [sdb] Attached SCSI disk
Begin: Loading essential drivers ... [    2.016271] raid6: sse2x1   gen() 13150 MB/s
[    2.064234] raid6: sse2x1   xor()  9017 MB/s
[    2.112157] raid6: sse2x2   gen() 15755 MB/s
[    2.160534] raid6: sse2x2   xor() 10526 MB/s
[    2.208121] raid6: sse2x4   gen() 17463 MB/s
[    2.256153] raid6: sse2x4   xor() 11216 MB/s
[    2.304174] raid6: avx2x1   gen() 26291 MB/s
[    2.352223] raid6: avx2x1   xor() 18215 MB/s
[    2.400165] raid6: avx2x2   gen() 30946 MB/s
[    2.448193] raid6: avx2x2   xor() 19695 MB/s
[    2.496229] raid6: avx2x4   gen() 36412 MB/s
[    2.544228] raid6: avx2x4   xor() 22145 MB/s
[    2.545457] raid6: using algorithm avx2x4 gen() 36412 MB/s
[    2.546703] raid6: .... xor() 22145 MB/s, rmw enabled
[    2.547788] raid6: using avx2x2 recovery algorithm
[    2.550159] xor: automatically using best checksumming function   avx       
[    2.552730] async_tx: api initialized (async)
done.
Begin: Running /scripts/init-premount ... done.
Begin: Mounting root file system ... Begin: Running /scripts/local-top ... done.
Begin: Running /scripts/local-premount ... [    2.593197] Btrfs loaded, crc32c=crc32c-intel
Scanning for Btrfs filesystems
done.
Warning: fsck not present, so skipping root file system
[    2.617866] EXT4-fs (sda1): mounted filesystem with ordered data mode. Opts: (null)
done.
Begin: Running /scripts/local-bottom ... done.
Begin: Running /scripts/init-bottom ... done.
[    2.777516] ip_tables: (C) 2000-2006 Netfilter Core Team
[    2.784746] systemd[1]: systemd 237 running in system mode. (+PAM +AUDIT +SELINUX +IMA +APPARMOR +SMACK +SYSVINIT +UTMP +LIBCRYPTSETUP +GCRYPT +GNUTLS +ACL +XZ +LZ4 +SECCOMP +BLKID +ELFUTILS +KMOD -IDN2 +IDN -PCRE2 default-hierarchy=hybrid)
[    2.787980] systemd[1]: Detected virtualization oracle.
[    2.788898] systemd[1]: Detected architecture x86-64.

Welcome to [1mUbuntu 18.04.3 LTS[0m!

[    2.795072] systemd[1]: Set hostname to <ubuntu-bionic>.
[    3.082501] systemd[1]: Started Forward Password Requests to Wall Directory Watch.
[[0;32m  OK  [0m] Started Forward Password Requests to Wall Directory Watch.
[    3.084764] systemd[1]: Reached target User and Group Name Lookups.
[[0;32m  OK  [0m] Reached target User and Group Name Lookups.
[    3.088247] systemd[1]: Created slice User and Session Slice.
[[0;32m  OK  [0m] Created slice User and Session Slice.
[    3.089997] systemd[1]: Reached target System Time Synchronized.
[[0;32m  OK  [0m] Reached target System Time Synchronized.
[    3.092359] systemd[1]: Created slice System Slice.
[[0;32m  OK  [0m] Created slice System Slice.
[    3.093836] systemd[1]: Listening on Device-mapper event daemon FIFOs.
[[0;32m  OK  [0m] Listening on Device-mapper event daemon FIFOs.
[[0;32m  OK  [0m] Reached target Slices.
[[0;32m  OK  [0m] Listening on Syslog Socket.
[[0;32m  OK  [0m] Created slice system-serial\x2dgetty.slice.
[[0;32m  OK  [0m] Listening on Journal Socket (/dev/log).
[[0;32m  OK  [0m] Listening on udev Kernel Socket.
[[0;32m  OK  [0m] Listening on LVM2 poll daemon socket.
[[0;32m  OK  [0m] Listening on Journal Audit Socket.
[[0;32m  OK  [0m] Listening on Network Service Netlink Socket.
[[0;32m  OK  [0m] Listening on Journal Socket.
         Starting Set the console keyboard layout...
         Mounting Huge Pages File System...
         Starting Uncomplicated firewall...
         Mounting POSIX Message Queue File System...
         Starting Create list of required stâ€¦ce nodes for the current kernel...
         Starting Remount Root and Kernel File Systems...
         Starting Journal Service...
         Mounting Kernel Debug File System...
[    3.157353] EXT4-fs (sda1): re-mounted. Opts: (null)
[[0;32m  OK  [0m] Listening on /dev/initctl Compatibility Named Pipe.
[[0;32m  OK  [0m] Listening on LVM2 metadata daemon socket.
         Starting Monitoring of LVM2 mirrorsâ€¦ng dmeventd or progress polling...
[[0;32m  OK  [0m] Listening on udev Control Socket.
         Starting udev Coldplug all Devices...
         Starting Load Kernel Modules...
[[0;32m  OK  [0m] Created slice system-postgresql.slice.
[[0;32m  OK  [0m] Reached target Swap.
[[0;32m  OK  [0m] Set up automount Arbitrary Executabâ€¦rmats File System Automount Point.
[    3.231148] Loading iSCSI transport class v2.0-870.
[    3.237607] iscsi: registered transport (tcp)
[    3.255051] iscsi: registered transport (iser)
[[0;32m  OK  [0m] Started Journal Service.
[[0;32m  OK  [0m] Started Set the console keyboard layout.
[[0;32m  OK  [0m] Mounted Huge Pages File System.
[[0;32m  OK  [0m] Started Uncomplicated firewall.
[[0;32m  OK  [0m] Mounted POSIX Message Queue File System.
[[0;32m  OK  [0m] Started Create list of required staâ€¦vice nodes for the current kernel.
[[0;32m  OK  [0m] Started Remount Root and Kernel File Systems.
[[0;32m  OK  [0m] Mounted Kernel Debug File System.
[[0;32m  OK  [0m] Started Load Kernel Modules.
[[0;32m  OK  [0m] Started LVM2 metadata daemon.
         Mounting FUSE Control File System...
         Mounting Kernel Configuration File System...
         Starting Apply Kernel Variables...
         Starting Load/Save Random Seed...
         Starting Create Static Device Nodes in /dev...
         Starting Flush Journal to Persistent Storage...
[[0;32m  OK  [0m] Started Monitoring of LVM2 mirrors,â€¦sing dmeventd or progress polling.
[[0;32m  OK  [0m] Started udev Coldplug all Devices.
[[0;32m  OK  [0m] Mounted FUSE Control File System.
[[0;32m  OK  [0m] Mounted Kernel Configuration File System.
[[0;32m  OK  [0m] Started Apply Kernel Variables.
[[0;32m  OK  [0m] Started Load/Save Random Seed.
[[0;32m  OK  [0m] Started Create Static Device Nodes in /dev.
         Starting udev Kernel Device Manager...
[[0;32m  OK  [0m] Reached target Local File Systems (Pre).
[[0;32m  OK  [0m] Reached target Local File Systems.
         Starting Tell Plymouth To Write Out Runtime Data...
         Starting ebtables ruleset management...
         Starting AppArmor initialization...
         Starting Set console font and keymap...
[[0;32m  OK  [0m] Started Tell Plymouth To Write Out Runtime Data.
[[0;32m  OK  [0m] Started udev Kernel Device Manager.
[[0;32m  OK  [0m] Started Dispatch Password Requests to Console Directory Watch.
[[0;32m  OK  [0m] Reached target Local Encrypted Volumes.
[[0;32m  OK  [0m] Started Set console font and keymap.
[[0;32m  OK  [0m] Started Flush Journal to Persistent Storage.
         Starting Create Volatile Files and Directories...
[[0;32m  OK  [0m] Started Create Volatile Files and Directories.
         Starting Update UTMP about System Boot/Shutdown...
[[0;32m  OK  [0m] Started ebtables ruleset management.
[[0;32m  OK  [0m] Started Update UTMP about System Boot/Shutdown.
[[0;32m  OK  [0m] Found device /dev/ttyS0.
[[0;32m  OK  [0m] Listening on Load/Save RF Kill Switch Status /dev/rfkill Watch.
[[0;32m  OK  [0m] Started AppArmor initialization.
         Starting Initial cloud-init job (pre-networking)...
[    4.691178] cloud-init[537]: Cloud-init v. 19.3-41-gc4735dd3-0ubuntu1~18.04.1 running 'init-local' at Tue, 14 Jan 2020 01:15:26 +0000. Up 4.49 seconds.
[[0;32m  OK  [0m] Started Initial cloud-init job (pre-networking).
[[0;32m  OK  [0m] Reached target Network (Pre).
         Starting Network Service...
[[0;32m  OK  [0m] Started Network Service.
         Starting Network Name Resolution...
         Starting Wait for Network to be Configured...
[[0;32m  OK  [0m] Started Network Name Resolution.
[[0;32m  OK  [0m] Reached target Network.
[[0;32m  OK  [0m] Reached target Host and Network Name Lookups.
[[0;32m  OK  [0m] Started Wait for Network to be Configured.
         Starting Initial cloud-init job (metadata service crawler)...
[    6.840012] cloud-init[710]: Cloud-init v. 19.3-41-gc4735dd3-0ubuntu1~18.04.1 running 'init' at Tue, 14 Jan 2020 01:15:28 +0000. Up 6.72 seconds.
[    6.841227] cloud-init[710]: ci-info: ++++++++++++++++++++++++++++++++++++++Net device info+++++++++++++++++++++++++++++++++++++++
[    6.856414] cloud-init[710]: ci-info: +--------+------+-----------------------------+---------------+--------+-------------------+
[    6.857479] cloud-init[710]: ci-info: | Device |  Up  |           Address           |      Mask     | Scope  |     Hw-Address    |
[    6.868203] cloud-init[710]: ci-info: +--------+------+-----------------------------+---------------+--------+-------------------+
[    6.869366] cloud-init[710]: ci-info: | enp0s3 | True |          10.0.2.15          | 255.255.255.0 | global | 02:b1:13:47:2b:13 |
[    6.870359] cloud-init[710]: ci-info: | enp0s3 | True |  fe80::b1:13ff:fe47:2b13/64 |       .       |  link  | 02:b1:13:47:2b:13 |
[    6.871822] cloud-init[710]: ci-info: | enp0s8 | True |         10.10.10.12         | 255.255.255.0 | global | 08:00:27:1d:39:d1 |
[    6.873208] cloud-init[710]: ci-info: | enp0s8 | True | fe80::a00:27ff:fe1d:39d1/64 |       .       |  link  | 08:00:27:1d:39:d1 |
[    6.874506] cloud-init[710]: ci-info: |   lo   | True |          127.0.0.1          |   255.0.0.0   |  host  |         .         |
[    6.875920] cloud-init[710]: ci-info: |   lo   | True |           ::1/128           |       .       |  host  |         .         |
[    6.877213] cloud-init[710]: ci-info: +--------+------+-----------------------------+---------------+--------+-------------------+
[    6.878565] cloud-init[710]: ci-info: ++++++++++++++++++++++++++++Route IPv4 info+++++++++++++++++++++++++++++
[    6.879697] cloud-init[710]: ci-info: +-------+-------------+----------+-----------------+-----------+-------+
[    6.880851] cloud-init[710]: ci-info: | Route | Destination | Gateway  |     Genmask     | Interface | Flags |
[    6.882042] cloud-init[710]: ci-info: +-------+-------------+----------+-----------------+-----------+-------+
[    6.883227] cloud-init[710]: ci-info: |   0   |   0.0.0.0   | 10.0.2.2 |     0.0.0.0     |   enp0s3  |   UG  |
[    6.884364] cloud-init[710]: ci-info: |   1   |   10.0.2.0  | 0.0.0.0  |  255.255.255.0  |   enp0s3  |   U   |
[    6.885535] cloud-init[710]: ci-info: |   2   |   10.0.2.2  | 0.0.0.0  | 255.255.255.255 |   enp0s3  |   UH  |
[    6.886662] cloud-init[710]: ci-info: |   3   |  10.10.10.0 | 0.0.0.0  |  255.255.255.0  |   enp0s8  |   U   |
[    6.887806] cloud-init[710]: ci-info: +-------+-------------+----------+-----------------+-----------+-------+
[    6.890100] cloud-init[710]: ci-info: +++++++++++++++++++Route IPv6 info+++++++++++++++++++
[    6.891096] cloud-init[710]: ci-info: +-------+-------------+---------+-----------+-------+
[    6.892146] cloud-init[710]: ci-info: | Route | Destination | Gateway | Interface | Flags |
[    6.893158] cloud-init[710]: ci-info: +-------+-------------+---------+-----------+-------+
[    6.894121] cloud-init[710]: ci-info: |   1   |  fe80::/64  |    ::   |   enp0s8  |   U   |
[    6.895087] cloud-init[710]: ci-info: |   2   |  fe80::/64  |    ::   |   enp0s3  |   U   |
[    6.896092] cloud-init[710]: ci-info: |   4   |    local    |    ::   |   enp0s3  |   U   |
[    6.897051] cloud-init[710]: ci-info: |   5   |    local    |    ::   |   enp0s8  |   U   |
[    6.898004] cloud-init[710]: ci-info: |   6   |   ff00::/8  |    ::   |   enp0s8  |   U   |
[    6.898959] cloud-init[710]: ci-info: |   7   |   ff00::/8  |    ::   |   enp0s3  |   U   |
[    6.899930] cloud-init[710]: ci-info: +-------+-------------+---------+-----------+-------+
[[0;32m  OK  [0m] Started Initial cloud-init job (metadata service crawler).
[[0;32m  OK  [0m] Reached target Network is Online.
[[0;32m  OK  [0m] Reached target Remote File Systems (Pre).
[[0;32m  OK  [0m] Reached target Remote File Systems.
         Starting Availability of block devices...
[[0;32m  OK  [0m] Reached target Cloud-config availability.
[[0;32m  OK  [0m] Reached target System Initialization.
[[0;32m  OK  [0m] Started Discard unused blocks once a week.
         Starting LXD - unix socket.
[[0;32m  OK  [0m] Started ACPI Events Check.
[[0;32m  OK  [0m] Listening on UUID daemon activation socket.
         Starting Socket activation for snappy daemon.
[[0;32m  OK  [0m] Reached target Paths.
[[0;32m  OK  [0m] Listening on D-Bus System Message Bus Socket.
[[0;32m  OK  [0m] Started Daily apt download activities.
[[0;32m  OK  [0m] Started Daily apt upgrade and clean activities.
[[0;32m  OK  [0m] Started Daily Cleanup of Temporary Directories.
[[0;32m  OK  [0m] Listening on Open-iSCSI iscsid Socket.
[[0;32m  OK  [0m] Started Message of the Day.
[[0;32m  OK  [0m] Reached target Timers.
[[0;32m  OK  [0m] Listening on ACPID Listen Socket.
[[0;32m  OK  [0m] Started Availability of block devices.
[[0;32m  OK  [0m] Listening on LXD - unix socket.
[[0;32m  OK  [0m] Listening on Socket activation for snappy daemon.
[[0;32m  OK  [0m] Reached target Sockets.
[[0;32m  OK  [0m] Reached target Basic System.
         Starting System Logging Service...
         Starting Message of the Day...
         Starting vboxadd.service...
         Starting Dispatcher daemon for systemd-networkd...
         Starting PostgreSQL Cluster 10-main...
[[0;32m  OK  [0m] Started FUSE filesystem for LXC.
[[0;32m  OK  [0m] Started Deferred execution scheduler.
         Starting Accounts Service...
[[0;32m  OK  [0m] Started D-Bus System Message Bus.
[[0;32m  OK  [0m] Started irqbalance daemon.
         Starting Snappy daemon...
         Starting Login Service...
         Starting OpenBSD Secure Shell server...
         Starting Resets System Activity Data Collector...
         Starting LSB: automatic crash report generation...
         Starting Permit User Sessions...
         Starting LSB: Record successful boot for GRUB...
[[0;32m  OK  [0m] Started Regular background program processing daemon.
         Starting LXD - container startup/shutdown...
[[0;32m  OK  [0m] Started System Logging Service.
[[0;32m  OK  [0m] Started Dispatcher daemon for systemd-networkd.
[[0;32m  OK  [0m] Started Resets System Activity Data Collector.
[[0;32m  OK  [0m] Started Permit User Sessions.
[[0;32m  OK  [0m] Started OpenBSD Secure Shell server.
[[0;32m  OK  [0m] Started Login Service.
[[0;32m  OK  [0m] Started Unattended Upgrades Shutdown.
         Starting Authorization Manager...
         Starting Terminate Plymouth Boot Screen...
         Starting Hold until boot process finishes up...
[[0;32m  OK  [0m] Started Hold until boot process finishes up.
         Starting Set console scheme...
[[0;32m  OK  [0m] Started Serial Getty on ttyS0.
[[0;32m  OK  [0m] Started Terminate Plymouth Boot Screen.
[[0;32m  OK  [0m] Started LXD - container startup/shutdown.
[[0;32m  OK  [0m] Started Authorization Manager.
[[0;32m  OK  [0m] Started Accounts Service.
[[0;32m  OK  [0m] Started Set console scheme.
[[0;32m  OK  [0m] Created slice system-getty.slice.
[[0;32m  OK  [0m] Started Getty on tty1.
[[0;32m  OK  [0m] Reached target Login Prompts.
[[0;32m  OK  [0m] Started LSB: automatic crash report generation.
[[0;32m  OK  [0m] Started LSB: Record successful boot for GRUB.
[[0;32m  OK  [0m] Started Snappy daemon.
         Starting Wait until snapd is fully seeded...
[[0;32m  OK  [0m] Started Wait until snapd is fully seeded.
         Starting Apply the settings specified in cloud-config...
[    9.119051] cloud-init[1183]: Cloud-init v. 19.3-41-gc4735dd3-0ubuntu1~18.04.1 running 'modules:config' at Tue, 14 Jan 2020 01:15:30 +0000. Up 9.02 seconds.
[[0;32m  OK  [0m] Started Apply the settings specified in cloud-config.
[[0;32m  OK  [0m] Started vboxadd.service.
         Starting vboxadd-service.service...
[[0;32m  OK  [0m] Started vboxadd-service.service.
[[0;32m  OK  [0m] Started PostgreSQL Cluster 10-main.
         Starting PostgreSQL RDBMS...
[[0;32m  OK  [0m] Started PostgreSQL RDBMS.
[[0;32m  OK  [0m] Reached target Multi-User System.
[[0;32m  OK  [0m] Reached target Graphical Interface.
         Starting Update UTMP about System Runlevel Changes...
         Starting Execute cloud user/final scripts...
[[0;32m  OK  [0m] Started Update UTMP about System Runlevel Changes.
[   11.297898] cloud-init[1359]: Cloud-init v. 19.3-41-gc4735dd3-0ubuntu1~18.04.1 running 'modules:final' at Tue, 14 Jan 2020 01:15:33 +0000. Up 11.21 seconds.
[   11.308699] cloud-init[1359]: Cloud-init v. 19.3-41-gc4735dd3-0ubuntu1~18.04.1 finished at Tue, 14 Jan 2020 01:15:33 +0000. Datasource DataSourceNoCloud [seed=/dev/sdb][dsmode=net].  Up 11.29 seconds
[[0;32m  OK  [0m] Started Execute cloud user/final scripts.
[[0;32m  OK  [0m] Reached target Cloud-init target.
[[0;32m  OK  [0m] Created slice User Slice of vagrant.
         Starting User Manager for UID 1000...
[[0;32m  OK  [0m] Started Session 1 of user vagrant.
[[0;32m  OK  [0m] Started User Manager for UID 1000.

Ubuntu 18.04.3 LTS ubuntu-bionic ttyS0

ubuntu-bionic login: 